00:00 +0: loading /app/test/widget_test.dart                                                                                                                                                           00:01 +0: loading /app/test/widget_test.dart                                                                                                                                                           00:02 +0: loading /app/test/widget_test.dart                                                                                                                                                           00:03 +0: loading /app/test/widget_test.dart                                                                                                                                                           00:04 +0: loading /app/test/widget_test.dart                                                                                                                                                           lib/core/theme/app_theme.dart:35:18: Error: The argument type 'CardTheme' can't be assigned to the parameter type 'CardThemeData?'.
 - 'CardTheme' is from 'package:flutter/src/material/card_theme.dart' ('/opt/flutter/packages/flutter/lib/src/material/card_theme.dart').
 - 'CardThemeData' is from 'package:flutter/src/material/card_theme.dart' ('/opt/flutter/packages/flutter/lib/src/material/card_theme.dart').
      cardTheme: CardTheme(
                 ^
00:05 +0: loading /app/test/widget_test.dart                                                                                                                                                           00:06 +0: loading /app/test/widget_test.dart                                                                                                                                                           00:07 +0: loading /app/test/widget_test.dart                                                                                                                                                           00:08 +0: loading /app/test/widget_test.dart                                                                                                                                                           00:09 +0: loading /app/test/widget_test.dart                                                                                                                                                           00:10 +0: loading /app/test/widget_test.dart                                                                                                                                                           00:11 +0: loading /app/test/widget_test.dart                                                                                                                                                           00:12 +0: loading /app/test/widget_test.dart                                                                                                                                                           00:13 +0: loading /app/test/widget_test.dart                                                                                                                                                           00:13 +0 -1: loading /app/test/widget_test.dart [E]
  Failed to load "/app/test/widget_test.dart":
  Compilation failed for testPath=/app/test/widget_test.dart: lib/core/theme/app_theme.dart:35:18: Error: The argument type 'CardTheme' can't be assigned to the parameter type 'CardThemeData?'.
   - 'CardTheme' is from 'package:flutter/src/material/card_theme.dart' ('/opt/flutter/packages/flutter/lib/src/material/card_theme.dart').
   - 'CardThemeData' is from 'package:flutter/src/material/card_theme.dart' ('/opt/flutter/packages/flutter/lib/src/material/card_theme.dart').
        cardTheme: CardTheme(
                   ^
  .

To run this test again: /opt/flutter/bin/cache/dart-sdk/bin/dart test /app/test/widget_test.dart -p vm --plain-name 'loading /app/test/widget_test.dart'
00:13 +0 -1: Some tests failed.
